a b mport
---------
1 1 6000 
2 2 6000 
1 1 6002 
2 2 6002 

