date       a  b mport
---------------------
2011.01.01 10 0 6003 
2011.01.01 11 1 6003 
2011.01.01 12 2 6003 
2011.01.01 13 3 6003 
2011.01.01 14 4 6003 
2011.01.01 15 5 6003 
2011.01.02 20 0 6003 
2011.01.02 21 1 6003 
2011.01.02 22 2 6003 
2011.01.02 23 3 6003 
2011.01.02 24 4 6003 
2011.01.02 25 5 6003 

