date a b mport
--------------
     0 0 6000 
     1 1 6000 
     2 2 6000 
     3 3 6000 
     4 4 6000 
     5 5 6000 

