mport| app proc b  
-----| ------------
6000 | a   rdb  1 2
6002 | b   rdb  1 2

