date a b mport
--------------
     0 0 6000 
     1 1 6000 
     2 2 6000 

