app proc| env version success host      port r                                
--------| --------------------------------------------------------------------
a   rdb | DEV         1       localhost 6000 +`a`b`mport!(1 2;1 2f;6000 6000i)

