date       a  b mport
---------------------
2011.01.01 10 0 6003 
2011.01.01 11 1 6003 
2011.01.01 12 2 6003 
2011.01.02 20 0 6003 
2011.01.02 21 1 6003 
2011.01.02 22 2 6003 

