date       a  b mport
---------------------
2011.01.01 10 0 6003 
2011.01.01 11 1 6003 
2011.01.01 12 2 6003 

